FILE_TYPE=LIBRARY_PARTS;
PRIMITIVE 'RA_T2X_64E','RA_T2X_64E_Other';
  PIN
    '1':
      PIN_NUMBER='(1)';
      NO_LOAD_CHECK=BOTH;
      NO_IO_CHECK=BOTH;
      ALLOW_CONNECT=TRUE;
      PINUSE='UNSPEC';
    '2':
      PIN_NUMBER='(2)';
      NO_LOAD_CHECK=BOTH;
      NO_IO_CHECK=BOTH;
      ALLOW_CONNECT=TRUE;
      PINUSE='UNSPEC';
  END_PIN;
  BODY
    PART_NAME='RA_T2X_64E';
    PHYS_DES_PREFIX='H';
    NO_LOAD_CHECK='TRUE';
    PIN_COUNT='2';
    BODY_NAME='RA_T2X_64E';
    JEDEC_TYPE='RAT2X64E';
  END_BODY;
END_PRIMITIVE;
END.
